.\mvnw.cmd : WARNING: A restricted method in 
java.lang.System has been called
At line:1 char:1
+ .\mvnw.cmd compile 2>&1 > d:\RockOps\compile_output.txt
+ ~~~~~~~~~~~~~~~~~~~~~~~~~~~~~~~~~~~~~~~~~~~~~~~~~~~~~~~
    + CategoryInfo          : NotSpecified: (WARNING: A re 
   st...has been called:String) [], RemoteException
    + FullyQualifiedErrorId : NativeCommandError
 
WARNING: java.lang.System::load has been called by 
org.fusesource.jansi.internal.JansiLoader in an unnamed 
module (file:/C:/Users/PC/.m2/wrapper/dists/apache-maven-3.
9.9/977a63e90f436cd6ade95b4c0e10c20c/lib/jansi-2.4.1.jar)
WARNING: Use --enable-native-access=ALL-UNNAMED to avoid a 
warning for callers in this module
WARNING: Restricted methods will be blocked in a future 
release unless native access is enabled

WARNING: A terminally deprecated method in sun.misc.Unsafe 
has been called
WARNING: sun.misc.Unsafe::objectFieldOffset has been 
called by com.google.common.util.concurrent.AbstractFuture$
UnsafeAtomicHelper (file:/C:/Users/PC/.m2/wrapper/dists/apa
che-maven-3.9.9/977a63e90f436cd6ade95b4c0e10c20c/lib/guava-
33.2.1-jre.jar)
WARNING: Please consider reporting this to the maintainers 
of class com.google.common.util.concurrent.AbstractFuture$U
nsafeAtomicHelper
WARNING: sun.misc.Unsafe::objectFieldOffset will be 
removed in a future release
[INFO] Scanning for projects...
[INFO] 
[INFO] ------------------------< com.example:backend >-------------------------
[INFO] Building backend 0.0.1-SNAPSHOT
[INFO]   from pom.xml
[INFO] --------------------------------[ jar ]---------------------------------
[INFO] 
[INFO] --- graphqlcodegen:1.61.5:generate (dgs-codegen) @ backend ---
[INFO] 
[INFO] --- build-helper:3.6.0:add-source (add-dgs-source) @ backend ---
[INFO] Source directory: D:\RockOps\backend\target\generated-sources added.
[INFO] 
[INFO] --- resources:3.3.1:resources (default-resources) @ backend ---
[INFO] Copying 67 resources from src\main\resources to target\classes
[INFO] 
[INFO] --- compiler:3.13.0:compile (default-compile) @ backend ---
[INFO] Recompiling the module because of changed source code.
[INFO] Compiling 780 source files with javac [debug parameters release 21] to target\classes
[WARNING] /D:/RockOps/backend/src/main/java/com/example/backend/models/procurement/DeliverySession.java:[52,39] @Builder will ignore the initializing expression entirely. If you want the initializing expression to serve as default, add @Builder.Default. If it is not supposed to be settable during building, make the field final.
[WARNING] /D:/RockOps/backend/src/main/java/com/example/backend/models/payroll/PayrollJournalEntry.java:[45,32] @Builder will ignore the initializing expression entirely. If you want the initializing expression to serve as default, add @Builder.Default. If it is not supposed to be settable during building, make the field final.
[WARNING] /D:/RockOps/backend/src/main/java/com/example/backend/models/Event.java:[34,25] @Builder will ignore the initializing expression entirely. If you want the initializing expression to serve as default, add @Builder.Default. If it is not supposed to be settable during building, make the field final.
[WARNING] /D:/RockOps/backend/src/main/java/com/example/backend/models/Partner.java:[36,31] @Builder will ignore the initializing expression entirely. If you want the initializing expression to serve as default, add @Builder.Default. If it is not supposed to be settable during building, make the field final.
[WARNING] /D:/RockOps/backend/src/main/java/com/example/backend/models/user/User.java:[47,37] @Builder will ignore the initializing expression entirely. If you want the initializing expression to serve as default, add @Builder.Default. If it is not supposed to be settable during building, make the field final.
[WARNING] /D:/RockOps/backend/src/main/java/com/example/backend/models/equipment/InSiteMaintenance.java:[51,31] @Builder will ignore the initializing expression entirely. If you want the initializing expression to serve as default, add @Builder.Default. If it is not supposed to be settable during building, make the field final.
[WARNING] /D:/RockOps/backend/src/main/java/com/example/backend/dto/finance/balances/BankAccountRequestDTO.java:[41,21] @Builder will ignore the initializing expression entirely. If you want the initializing expression to serve as default, add @Builder.Default. If it is not supposed to be settable during building, make the field final.
[WARNING] /D:/RockOps/backend/src/main/java/com/example/backend/models/payroll/Payslip.java:[51,24] @Builder will ignore the initializing expression entirely. If you want the initializing expression to serve as default, add @Builder.Default. If it is not supposed to be settable during building, make the field final.
[WARNING] /D:/RockOps/backend/src/main/java/com/example/backend/models/payroll/Payslip.java:[54,24] @Builder will ignore the initializing expression entirely. If you want the initializing expression to serve as default, add @Builder.Default. If it is not supposed to be settable during building, make the field final.
[WARNING] /D:/RockOps/backend/src/main/java/com/example/backend/models/payroll/Payslip.java:[57,24] @Builder will ignore the initializing expression entirely. If you want the initializing expression to serve as default, add @Builder.Default. If it is not supposed to be settable during building, make the field final.
[WARNING] /D:/RockOps/backend/src/main/java/com/example/backend/models/payroll/Payslip.java:[60,21] @Builder will ignore the initializing expression entirely. If you want the initializing expression to serve as default, add @Builder.Default. If it is not supposed to be settable during building, make the field final.
[WARNING] /D:/RockOps/backend/src/main/java/com/example/backend/models/payroll/Payslip.java:[63,21] @Builder will ignore the initializing expression entirely. If you want the initializing expression to serve as default, add @Builder.Default. If it is not supposed to be settable during building, make the field final.
[WARNING] /D:/RockOps/backend/src/main/java/com/example/backend/models/payroll/Payslip.java:[66,24] @Builder will ignore the initializing expression entirely. If you want the initializing expression to serve as default, add @Builder.Default. If it is not supposed to be settable during building, make the field final.
[WARNING] /D:/RockOps/backend/src/main/java/com/example/backend/models/payroll/Payslip.java:[70,27] @Builder will ignore the initializing expression entirely. If you want the initializing expression to serve as default, add @Builder.Default. If it is not supposed to be settable during building, make the field final.
[WARNING] /D:/RockOps/backend/src/main/java/com/example/backend/models/warehouse/ItemType.java:[50,24] @Builder will ignore the initializing expression entirely. If you want the initializing expression to serve as default, add @Builder.Default. If it is not supposed to be settable during building, make the field final.
[WARNING] /D:/RockOps/backend/src/main/java/com/example/backend/models/warehouse/ItemType.java:[58,35] @Builder will ignore the initializing expression entirely. If you want the initializing expression to serve as default, add @Builder.Default. If it is not supposed to be settable during building, make the field final.
[WARNING] /D:/RockOps/backend/src/main/java/com/example/backend/models/warehouse/ItemType.java:[62,36] @Builder will ignore the initializing expression entirely. If you want the initializing expression to serve as default, add @Builder.Default. If it is not supposed to be settable during building, make the field final.
[WARNING] /D:/RockOps/backend/src/main/java/com/example/backend/models/warehouse/ItemType.java:[66,29] @Builder will ignore the initializing expression entirely. If you want the initializing expression to serve as default, add @Builder.Default. If it is not supposed to be settable during building, make the field final.
[WARNING] /D:/RockOps/backend/src/main/java/com/example/backend/models/hr/Employee.java:[140,35] @Builder will ignore the initializing expression entirely. If you want the initializing expression to serve as default, add @Builder.Default. If it is not supposed to be settable during building, make the field final.
[WARNING] /D:/RockOps/backend/src/main/java/com/example/backend/models/transaction/Transaction.java:[68,32] @Builder will ignore the initializing expression entirely. If you want the initializing expression to serve as default, add @Builder.Default. If it is not supposed to be settable during building, make the field final.
[WARNING] /D:/RockOps/backend/src/main/java/com/example/backend/models/maintenance/DirectPurchaseTicket.java:[197,38] @Builder will ignore the initializing expression entirely. If you want the initializing expression to serve as default, add @Builder.Default. If it is not supposed to be settable during building, make the field final.
[WARNING] /D:/RockOps/backend/src/main/java/com/example/backend/models/maintenance/DirectPurchaseTicket.java:[200,38] @Builder will ignore the initializing expression entirely. If you want the initializing expression to serve as default, add @Builder.Default. If it is not supposed to be settable during building, make the field final.
[WARNING] /D:/RockOps/backend/src/main/java/com/example/backend/models/finance/balances/BankAccount.java:[54,21] @Builder will ignore the initializing expression entirely. If you want the initializing expression to serve as default, add @Builder.Default. If it is not supposed to be settable during building, make the field final.
[WARNING] /D:/RockOps/backend/src/main/java/com/example/backend/models/procurement/PurchaseOrder/PurchaseOrderItem.java:[65,39] @Builder will ignore the initializing expression entirely. If you want the initializing expression to serve as default, add @Builder.Default. If it is not supposed to be settable during building, make the field final.
[WARNING] /D:/RockOps/backend/src/main/java/com/example/backend/models/procurement/PurchaseOrder/PurchaseOrderItem.java:[69,33] @Builder will ignore the initializing expression entirely. If you want the initializing expression to serve as default, add @Builder.Default. If it is not supposed to be settable during building, make the field final.
[WARNING] /D:/RockOps/backend/src/main/java/com/example/backend/models/site/Site.java:[47,31] @Builder will ignore the initializing expression entirely. If you want the initializing expression to serve as default, add @Builder.Default. If it is not supposed to be settable during building, make the field final.
[WARNING] /D:/RockOps/backend/src/main/java/com/example/backend/models/site/Site.java:[87,20] @Builder will ignore the initializing expression entirely. If you want the initializing expression to serve as default, add @Builder.Default. If it is not supposed to be settable during building, make the field final.
[WARNING] /D:/RockOps/backend/src/main/java/com/example/backend/models/procurement/DeliveryItemReceipt.java:[48,38] @Builder will ignore the initializing expression entirely. If you want the initializing expression to serve as default, add @Builder.Default. If it is not supposed to be settable during building, make the field final.
[WARNING] /D:/RockOps/backend/src/main/java/com/example/backend/models/finance/balances/CashSafe.java:[35,21] @Builder will ignore the initializing expression entirely. If you want the initializing expression to serve as default, add @Builder.Default. If it is not supposed to be settable during building, make the field final.
[WARNING] /D:/RockOps/backend/src/main/java/com/example/backend/models/payroll/Earning.java:[40,21] @Builder will ignore the initializing expression entirely. If you want the initializing expression to serve as default, add @Builder.Default. If it is not supposed to be settable during building, make the field final.
[WARNING] /D:/RockOps/backend/src/main/java/com/example/backend/models/merchant/Merchant.java:[62,32] @Builder will ignore the initializing expression entirely. If you want the initializing expression to serve as default, add @Builder.Default. If it is not supposed to be settable during building, make the field final.
[WARNING] /D:/RockOps/backend/src/main/java/com/example/backend/models/merchant/Merchant.java:[83,28] @Builder will ignore the initializing expression entirely. If you want the initializing expression to serve as default, add @Builder.Default. If it is not supposed to be settable during building, make the field final.
[WARNING] /D:/RockOps/backend/src/main/java/com/example/backend/dto/finance/balances/CashSafeRequestDTO.java:[27,21] @Builder will ignore the initializing expression entirely. If you want the initializing expression to serve as default, add @Builder.Default. If it is not supposed to be settable during building, make the field final.
[WARNING] /D:/RockOps/backend/src/main/java/com/example/backend/models/warehouse/ItemCategory.java:[35,32] @Builder will ignore the initializing expression entirely. If you want the initializing expression to serve as default, add @Builder.Default. If it is not supposed to be settable during building, make the field final.
[WARNING] /D:/RockOps/backend/src/main/java/com/example/backend/models/warehouse/ItemCategory.java:[39,28] @Builder will ignore the initializing expression entirely. If you want the initializing expression to serve as default, add @Builder.Default. If it is not supposed to be settable during building, make the field final.
[WARNING] /D:/RockOps/backend/src/main/java/com/example/backend/models/warehouse/ItemCategory.java:[43,28] @Builder will ignore the initializing expression entirely. If you want the initializing expression to serve as default, add @Builder.Default. If it is not supposed to be settable during building, make the field final.
[WARNING] /D:/RockOps/backend/src/main/java/com/example/backend/models/payroll/DeductionType.java:[33,21] @Builder will ignore the initializing expression entirely. If you want the initializing expression to serve as default, add @Builder.Default. If it is not supposed to be settable during building, make the field final.
[WARNING] /D:/RockOps/backend/src/main/java/com/example/backend/models/payroll/DeductionType.java:[42,21] @Builder will ignore the initializing expression entirely. If you want the initializing expression to serve as default, add @Builder.Default. If it is not supposed to be settable during building, make the field final.
[WARNING] /D:/RockOps/backend/src/main/java/com/example/backend/models/payroll/DeductionType.java:[45,21] @Builder will ignore the initializing expression entirely. If you want the initializing expression to serve as default, add @Builder.Default. If it is not supposed to be settable during building, make the field final.
[WARNING] /D:/RockOps/backend/src/main/java/com/example/backend/models/maintenance/MaintenanceStep.java:[83,24] @Builder will ignore the initializing expression entirely. If you want the initializing expression to serve as default, add @Builder.Default. If it is not supposed to be settable during building, make the field final.
[WARNING] /D:/RockOps/backend/src/main/java/com/example/backend/models/maintenance/MaintenanceStep.java:[87,24] @Builder will ignore the initializing expression entirely. If you want the initializing expression to serve as default, add @Builder.Default. If it is not supposed to be settable during building, make the field final.
[WARNING] /D:/RockOps/backend/src/main/java/com/example/backend/models/maintenance/MaintenanceStep.java:[91,24] @Builder will ignore the initializing expression entirely. If you want the initializing expression to serve as default, add @Builder.Default. If it is not supposed to be settable during building, make the field final.
[WARNING] /D:/RockOps/backend/src/main/java/com/example/backend/models/maintenance/MaintenanceStep.java:[99,24] @Builder will ignore the initializing expression entirely. If you want the initializing expression to serve as default, add @Builder.Default. If it is not supposed to be settable during building, make the field final.
[WARNING] /D:/RockOps/backend/src/main/java/com/example/backend/models/maintenance/MaintenanceStep.java:[102,21] @Builder will ignore the initializing expression entirely. If you want the initializing expression to serve as default, add @Builder.Default. If it is not supposed to be settable during building, make the field final.
[WARNING] /D:/RockOps/backend/src/main/java/com/example/backend/models/maintenance/MaintenanceStep.java:[108,21] @Builder will ignore the initializing expression entirely. If you want the initializing expression to serve as default, add @Builder.Default. If it is not supposed to be settable during building, make the field final.
[WARNING] /D:/RockOps/backend/src/main/java/com/example/backend/models/payroll/EmployeeDeduction.java:[44,21] @Builder will ignore the initializing expression entirely. If you want the initializing expression to serve as default, add @Builder.Default. If it is not supposed to be settable during building, make the field final.
[WARNING] /D:/RockOps/backend/src/main/java/com/example/backend/models/warehouse/Warehouse.java:[40,20] @Builder will ignore the initializing expression entirely. If you want the initializing expression to serve as default, add @Builder.Default. If it is not supposed to be settable during building, make the field final.
[WARNING] /D:/RockOps/backend/src/main/java/com/example/backend/models/warehouse/Warehouse.java:[58,24] @Builder will ignore the initializing expression entirely. If you want the initializing expression to serve as default, add @Builder.Default. If it is not supposed to be settable during building, make the field final.
[WARNING] /D:/RockOps/backend/src/main/java/com/example/backend/models/warehouse/Warehouse.java:[63,37] @Builder will ignore the initializing expression entirely. If you want the initializing expression to serve as default, add @Builder.Default. If it is not supposed to be settable during building, make the field final.
[WARNING] /D:/RockOps/backend/src/main/java/com/example/backend/models/procurement/Offer/Offer.java:[44,17] @Builder will ignore the initializing expression entirely. If you want the initializing expression to serve as default, add @Builder.Default. If it is not supposed to be settable during building, make the field final.
[WARNING] /D:/RockOps/backend/src/main/java/com/example/backend/models/procurement/Offer/Offer.java:[45,17] @Builder will ignore the initializing expression entirely. If you want the initializing expression to serve as default, add @Builder.Default. If it is not supposed to be settable during building, make the field final.
[WARNING] /D:/RockOps/backend/src/main/java/com/example/backend/models/procurement/Offer/Offer.java:[50,38] @Builder will ignore the initializing expression entirely. If you want the initializing expression to serve as default, add @Builder.Default. If it is not supposed to be settable during building, make the field final.
[WARNING] /D:/RockOps/backend/src/main/java/com/example/backend/models/procurement/Offer/Offer.java:[61,29] @Builder will ignore the initializing expression entirely. If you want the initializing expression to serve as default, add @Builder.Default. If it is not supposed to be settable during building, make the field final.
[WARNING] /D:/RockOps/backend/src/main/java/com/example/backend/models/procurement/Offer/Offer.java:[67,36] @Builder will ignore the initializing expression entirely. If you want the initializing expression to serve as default, add @Builder.Default. If it is not supposed to be settable during building, make the field final.
[WARNING] /D:/RockOps/backend/src/main/java/com/example/backend/models/procurement/Offer/Offer.java:[71,43] @Builder will ignore the initializing expression entirely. If you want the initializing expression to serve as default, add @Builder.Default. If it is not supposed to be settable during building, make the field final.
[WARNING] /D:/RockOps/backend/src/main/java/com/example/backend/models/hr/EmployeeDocument.java:[60,21] @Builder will ignore the initializing expression entirely. If you want the initializing expression to serve as default, add @Builder.Default. If it is not supposed to be settable during building, make the field final.
[WARNING] /D:/RockOps/backend/src/main/java/com/example/backend/models/payroll/Deduction.java:[42,21] @Builder will ignore the initializing expression entirely. If you want the initializing expression to serve as default, add @Builder.Default. If it is not supposed to be settable during building, make the field final.
[WARNING] /D:/RockOps/backend/src/main/java/com/example/backend/models/procurement/PurchaseOrderReturn/PurchaseOrderReturn.java:[43,24] @Builder will ignore the initializing expression entirely. If you want the initializing expression to serve as default, add @Builder.Default. If it is not supposed to be settable during building, make the field final.
[WARNING] /D:/RockOps/backend/src/main/java/com/example/backend/models/procurement/PurchaseOrderReturn/PurchaseOrderReturn.java:[47,39] @Builder will ignore the initializing expression entirely. If you want the initializing expression to serve as default, add @Builder.Default. If it is not supposed to be settable during building, make the field final.
[WARNING] /D:/RockOps/backend/src/main/java/com/example/backend/models/procurement/PurchaseOrderReturn/PurchaseOrderReturn.java:[67,43] @Builder will ignore the initializing expression entirely. If you want the initializing expression to serve as default, add @Builder.Default. If it is not supposed to be settable during building, make the field final.
[WARNING] /D:/RockOps/backend/src/main/java/com/example/backend/models/procurement/RequestOrder/RequestOrder.java:[51,36] @Builder will ignore the initializing expression entirely. If you want the initializing expression to serve as default, add @Builder.Default. If it is not supposed to be settable during building, make the field final.
[WARNING] /D:/RockOps/backend/src/main/java/com/example/backend/models/procurement/RequestOrder/RequestOrder.java:[56,33] @Builder will ignore the initializing expression entirely. If you want the initializing expression to serve as default, add @Builder.Default. If it is not supposed to be settable during building, make the field final.
[WARNING] /D:/RockOps/backend/src/main/java/com/example/backend/models/procurement/RequestOrder/RequestOrder.java:[62,25] @Builder will ignore the initializing expression entirely. If you want the initializing expression to serve as default, add @Builder.Default. If it is not supposed to be settable during building, make the field final.
[WARNING] /D:/RockOps/backend/src/main/java/com/example/backend/models/maintenance/MaintenanceRecord.java:[76,24] @Builder will ignore the initializing expression entirely. If you want the initializing expression to serve as default, add @Builder.Default. If it is not supposed to be settable during building, make the field final.
[WARNING] /D:/RockOps/backend/src/main/java/com/example/backend/models/maintenance/MaintenanceRecord.java:[84,24] @Builder will ignore the initializing expression entirely. If you want the initializing expression to serve as default, add @Builder.Default. If it is not supposed to be settable during building, make the field final.
[WARNING] /D:/RockOps/backend/src/main/java/com/example/backend/models/maintenance/MaintenanceRecord.java:[88,31] @Builder will ignore the initializing expression entirely. If you want the initializing expression to serve as default, add @Builder.Default. If it is not supposed to be settable during building, make the field final.
[WARNING] /D:/RockOps/backend/src/main/java/com/example/backend/models/maintenance/MaintenanceRecord.java:[92,35] @Builder will ignore the initializing expression entirely. If you want the initializing expression to serve as default, add @Builder.Default. If it is not supposed to be settable during building, make the field final.
[WARNING] /D:/RockOps/backend/src/main/java/com/example/backend/models/procurement/Offer/OfferTimelineEvent.java:[52,21] @Builder will ignore the initializing expression entirely. If you want the initializing expression to serve as default, add @Builder.Default. If it is not supposed to be settable during building, make the field final.
[WARNING] /D:/RockOps/backend/src/main/java/com/example/backend/models/contact/ContactLog.java:[60,21] @Builder will ignore the initializing expression entirely. If you want the initializing expression to serve as default, add @Builder.Default. If it is not supposed to be settable during building, make the field final.
[WARNING] /D:/RockOps/backend/src/main/java/com/example/backend/models/contact/ContactLog.java:[66,21] @Builder will ignore the initializing expression entirely. If you want the initializing expression to serve as default, add @Builder.Default. If it is not supposed to be settable during building, make the field final.
[WARNING] /D:/RockOps/backend/src/main/java/com/example/backend/models/procurement/PurchaseOrder/PurchaseOrder.java:[51,37] @Builder will ignore the initializing expression entirely. If you want the initializing expression to serve as default, add @Builder.Default. If it is not supposed to be settable during building, make the field final.
[WARNING] /D:/RockOps/backend/src/main/java/com/example/backend/models/procurement/PurchaseOrder/PurchaseOrder.java:[55,35] @Builder will ignore the initializing expression entirely. If you want the initializing expression to serve as default, add @Builder.Default. If it is not supposed to be settable during building, make the field final.
[WARNING] /D:/RockOps/backend/src/main/java/com/example/backend/models/finance/balances/CashWithPerson.java:[47,21] @Builder will ignore the initializing expression entirely. If you want the initializing expression to serve as default, add @Builder.Default. If it is not supposed to be settable during building, make the field final.
[WARNING] /D:/RockOps/backend/src/main/java/com/example/backend/dto/finance/balances/CashWithPersonRequestDTO.java:[34,21] @Builder will ignore the initializing expression entirely. If you want the initializing expression to serve as default, add @Builder.Default. If it is not supposed to be settable during building, make the field final.
[WARNING] /D:/RockOps/backend/src/main/java/com/example/backend/models/warehouse/MeasuringUnit.java:[28,21] @Builder will ignore the initializing expression entirely. If you want the initializing expression to serve as default, add @Builder.Default. If it is not supposed to be settable during building, make the field final.
[WARNING] /D:/RockOps/backend/src/main/java/com/example/backend/models/equipment/SarkyLogRange.java:[40,8] deprecated item is not annotated with @Deprecated
[INFO] /D:/RockOps/backend/src/main/java/com/example/backend/config/JwtService.java: Some input files use or override a deprecated API.
[INFO] /D:/RockOps/backend/src/main/java/com/example/backend/config/JwtService.java: Recompile with -Xlint:deprecation for details.
[INFO] /D:/RockOps/backend/src/main/java/com/example/backend/services/hr/PromotionRequestMapperService.java: Some input files use unchecked or unsafe operations.
[INFO] /D:/RockOps/backend/src/main/java/com/example/backend/services/hr/PromotionRequestMapperService.java: Recompile with -Xlint:unchecked for details.
[INFO] 
[INFO] --- hibernate-enhance:6.6.13.Final:enhance (enhance) @ backend ---
[INFO] Starting Hibernate enhancement for classes on D:\RockOps\backend\target\classes
Feb 20, 2026 4:11:39 PM org.hibernate.bytecode.enhance.inte
rnal.bytebuddy.BiDirectionalAssociationHandler wrap
INFO: Bi-directional association not managed for field 
[com.example.backend.models.contact.Contact#contactType]: 
Could not find target field in 
[com.example.backend.models.contact.ContactType]
Feb 20, 2026 4:11:39 PM org.hibernate.bytecode.enhance.inte
rnal.bytebuddy.BiDirectionalAssociationHandler wrap
INFO: Bi-directional association not managed for field [com
.example.backend.models.contact.ContactLog#maintenanceStep]
: Could not find target field in 
[com.example.backend.models.maintenance.MaintenanceStep]
Feb 20, 2026 4:11:39 PM org.hibernate.bytecode.enhance.inte
rnal.bytebuddy.BiDirectionalAssociationHandler wrap
INFO: Bi-directional association not managed for field [com
.example.backend.models.contact.ContactLog#maintenanceRecor
d]: Could not find target field in 
[com.example.backend.models.maintenance.MaintenanceRecord]
Feb 20, 2026 4:11:39 PM org.hibernate.bytecode.enhance.inte
rnal.bytebuddy.BiDirectionalAssociationHandler wrap
INFO: Bi-directional association not managed for field [com
.example.backend.models.equipment.Consumable#itemType]: 
Could not find target field in 
[com.example.backend.models.warehouse.ItemType]
Feb 20, 2026 4:11:39 PM org.hibernate.bytecode.enhance.inte
rnal.bytebuddy.BiDirectionalAssociationHandler wrap
INFO: Bi-directional association not managed for field [com
.example.backend.models.equipment.Consumable#transaction]: 
Could not find target field in 
[com.example.backend.models.transaction.Transaction]
Feb 20, 2026 4:11:39 PM org.hibernate.bytecode.enhance.inte
rnal.bytebuddy.BiDirectionalAssociationHandler wrap
INFO: Bi-directional association not managed for field [com
.example.backend.models.equipment.Consumable#transactions]:
 Could not find target field in 
[com.example.backend.models.transaction.Transaction]
Feb 20, 2026 4:11:39 PM org.hibernate.bytecode.enhance.inte
rnal.bytebuddy.BiDirectionalAssociationHandler wrap
INFO: Bi-directional association not managed for field [com
.example.backend.models.equipment.ConsumableResolution#cons
umable]: Could not find target field in 
[com.example.backend.models.equipment.Consumable]
Feb 20, 2026 4:11:39 PM org.hibernate.bytecode.enhance.inte
rnal.bytebuddy.BiDirectionalAssociationHandler wrap
INFO: Bi-directional association not managed for field [com
.example.backend.models.equipment.Document#uploadedBy]: 
Could not find target field in 
[com.example.backend.models.user.User]
Feb 20, 2026 4:11:39 PM org.hibernate.bytecode.enhance.inte
rnal.bytebuddy.BiDirectionalAssociationHandler wrap
INFO: Bi-directional association not managed for field 
[com.example.backend.models.equipment.Equipment#brand]: 
Could not find target field in 
[com.example.backend.models.equipment.EquipmentBrand]
Feb 20, 2026 4:11:39 PM org.hibernate.bytecode.enhance.inte
rnal.bytebuddy.BiDirectionalAssociationHandler wrap
INFO: Bi-directional association not managed for field [com
.example.backend.models.equipment.Equipment#purchasedFrom]:
 Could not find target field in 
[com.example.backend.models.merchant.Merchant]
Feb 20, 2026 4:11:39 PM org.hibernate.bytecode.enhance.inte
rnal.bytebuddy.BiDirectionalAssociationHandler wrap
INFO: Bi-directional association not managed for field [com
.example.backend.models.equipment.Equipment#mainDriver]: 
Could not find target field in 
[com.example.backend.models.hr.Employee]
Feb 20, 2026 4:11:39 PM org.hibernate.bytecode.enhance.inte
rnal.bytebuddy.BiDirectionalAssociationHandler wrap
INFO: Bi-directional association not managed for field [com
.example.backend.models.equipment.Equipment#subDriver]: 
Could not find target field in 
[com.example.backend.models.hr.Employee]
Feb 20, 2026 4:11:39 PM org.hibernate.bytecode.enhance.inte
rnal.bytebuddy.BiDirectionalAssociationHandler wrap
INFO: Bi-directional association not managed for field [com
.example.backend.models.equipment.EquipmentType#supportedWo
rkTypes]: Could not find target field in 
[com.example.backend.models.equipment.WorkType]
Feb 20, 2026 4:11:39 PM org.hibernate.bytecode.enhance.inte
rnal.bytebuddy.BiDirectionalAssociationHandler wrap
INFO: Bi-directional association not managed for field [com
.example.backend.models.equipment.InSiteMaintenance#technic
ian]: Could not find target field in 
[com.example.backend.models.hr.Employee]
Feb 20, 2026 4:11:39 PM org.hibernate.bytecode.enhance.inte
rnal.bytebuddy.BiDirectionalAssociationHandler wrap
INFO: Bi-directional association not managed for field [com
.example.backend.models.equipment.InSiteMaintenance#mainten
anceType]: Could not find target field in 
[com.example.backend.models.equipment.MaintenanceType]
Feb 20, 2026 4:11:39 PM org.hibernate.bytecode.enhance.inte
rnal.bytebuddy.BiDirectionalAssociationHandler wrap
INFO: Bi-directional association not managed for field [com
.example.backend.models.equipment.MaintenanceConsumable#mai
ntenance]: Could not find target field in 
[com.example.backend.models.equipment.InSiteMaintenance]
Feb 20, 2026 4:11:39 PM org.hibernate.bytecode.enhance.inte
rnal.bytebuddy.BiDirectionalAssociationHandler wrap
INFO: Bi-directional association not managed for field [com
.example.backend.models.equipment.MaintenanceConsumable#ite
mType]: Could not find target field in 
[com.example.backend.models.warehouse.ItemType]
Feb 20, 2026 4:11:39 PM org.hibernate.bytecode.enhance.inte
rnal.bytebuddy.BiDirectionalAssociationHandler wrap
INFO: Bi-directional association not managed for field 
[com.example.backend.models.equipment.SarkyLog#equipment]: 
Could not find target field in 
[com.example.backend.models.equipment.Equipment]
Feb 20, 2026 4:11:39 PM org.hibernate.bytecode.enhance.inte
rnal.bytebuddy.BiDirectionalAssociationHandler wrap
INFO: Bi-directional association not managed for field 
[com.example.backend.models.equipment.SarkyLog#workType]: 
Could not find target field in 
[com.example.backend.models.equipment.WorkType]
Feb 20, 2026 4:11:39 PM org.hibernate.bytecode.enhance.inte
rnal.bytebuddy.BiDirectionalAssociationHandler wrap
INFO: Bi-directional association not managed for field 
[com.example.backend.models.equipment.SarkyLog#driver]: 
Could not find target field in 
[com.example.backend.models.hr.Employee]
Feb 20, 2026 4:11:39 PM org.hibernate.bytecode.enhance.inte
rnal.bytebuddy.BiDirectionalAssociationHandler wrap
INFO: Bi-directional association not managed for field 
[com.example.backend.models.equipment.SarkyLog#createdBy]: 
Could not find target field in 
[com.example.backend.models.user.User]
Feb 20, 2026 4:11:39 PM org.hibernate.bytecode.enhance.inte
rnal.bytebuddy.BiDirectionalAssociationHandler wrap
INFO: Bi-directional association not managed for field [com
.example.backend.models.equipment.SarkyLogRange#equipment]:
 Could not find target field in 
[com.example.backend.models.equipment.Equipment]
Feb 20, 2026 4:11:39 PM org.hibernate.bytecode.enhance.inte
rnal.bytebuddy.BiDirectionalAssociationHandler wrap
INFO: Bi-directional association not managed for field [com
.example.backend.models.equipment.SarkyLogRange#createdBy]:
 Could not find target field in 
[com.example.backend.models.user.User]
Feb 20, 2026 4:11:39 PM org.hibernate.bytecode.enhance.inte
rnal.bytebuddy.BiDirectionalAssociationHandler wrap
INFO: Bi-directional association not managed for field 
[com.example.backend.models.equipment.WorkEntry#workType]: 
Could not find target field in 
[com.example.backend.models.equipment.WorkType]
Feb 20, 2026 4:11:39 PM org.hibernate.bytecode.enhance.inte
rnal.bytebuddy.BiDirectionalAssociationHandler wrap
INFO: Bi-directional association not managed for field 
[com.example.backend.models.equipment.WorkEntry#driver]: 
Could not find target field in 
[com.example.backend.models.hr.Employee]
Feb 20, 2026 4:11:39 PM org.hibernate.bytecode.enhance.inte
rnal.bytebuddy.BiDirectionalAssociationHandler wrap
INFO: Bi-directional association not managed for field [com
.example.backend.models.finance.accountsPayable.AccountPaya
blePayment#paidToMerchant]: Could not find target field in 
[com.example.backend.models.merchant.Merchant]
Feb 20, 2026 4:11:39 PM org.hibernate.bytecode.enhance.inte
rnal.bytebuddy.BiDirectionalAssociationHandler wrap
INFO: Bi-directional association not managed for field [com
.example.backend.models.finance.accountsPayable.OfferFinanc
ialReview#maintenanceRecord]: Could not find target field 
in 
[com.example.backend.models.maintenance.MaintenanceRecord]
Feb 20, 2026 4:11:39 PM org.hibernate.bytecode.enhance.inte
rnal.bytebuddy.BiDirectionalAssociationHandler wrap
INFO: Bi-directional association not managed for field [com
.example.backend.models.finance.accountsPayable.PaymentRequ
est#purchaseOrder]: Could not find target field in [com.exa
mple.backend.models.procurement.PurchaseOrder.PurchaseOrder
]
Feb 20, 2026 4:11:39 PM org.hibernate.bytecode.enhance.inte
rnal.bytebuddy.BiDirectionalAssociationHandler wrap
INFO: Bi-directional association not managed for field [com
.example.backend.models.finance.accountsPayable.PaymentRequ
est#maintenanceStep]: Could not find target field in 
[com.example.backend.models.maintenance.MaintenanceStep]
Feb 20, 2026 4:11:39 PM org.hibernate.bytecode.enhance.inte
rnal.bytebuddy.BiDirectionalAssociationHandler wrap
INFO: Bi-directional association not managed for field [com
.example.backend.models.finance.accountsPayable.PaymentRequ
est#maintenanceRecord]: Could not find target field in 
[com.example.backend.models.maintenance.MaintenanceRecord]
Feb 20, 2026 4:11:39 PM org.hibernate.bytecode.enhance.inte
rnal.bytebuddy.BiDirectionalAssociationHandler wrap
INFO: Bi-directional association not managed for field [com
.example.backend.models.finance.accountsPayable.PaymentRequ
est#offerFinancialReview]: Could not find target field in [
com.example.backend.models.finance.accountsPayable.OfferFin
ancialReview]
Feb 20, 2026 4:11:39 PM org.hibernate.bytecode.enhance.inte
rnal.bytebuddy.BiDirectionalAssociationHandler wrap
INFO: Bi-directional association not managed for field [com
.example.backend.models.finance.accountsPayable.PaymentRequ
est#merchant]: Could not find target field in 
[com.example.backend.models.merchant.Merchant]
Feb 20, 2026 4:11:39 PM org.hibernate.bytecode.enhance.inte
rnal.bytebuddy.BiDirectionalAssociationHandler wrap
INFO: Bi-directional association not managed for field [com
.example.backend.models.finance.accountsPayable.PaymentRequ
est#loanInstallment]: Could not find target field in 
[com.example.backend.models.finance.loans.LoanInstallment]
Feb 20, 2026 4:11:39 PM org.hibernate.bytecode.enhance.inte
rnal.bytebuddy.BiDirectionalAssociationHandler wrap
INFO: Bi-directional association not managed for field [com
.example.backend.models.finance.accountsPayable.PaymentRequ
est#financialInstitution]: Could not find target field in [
com.example.backend.models.finance.loans.FinancialInstituti
on]
Feb 20, 2026 4:11:39 PM org.hibernate.bytecode.enhance.inte
rnal.bytebuddy.BiDirectionalAssociationHandler wrap
INFO: Bi-directional association not managed for field [com
.example.backend.models.finance.fixedAssets.AssetDisposal#a
sset]: Could not find target field in [com.example.backend.
models.finance.fixedAssets.FixedAssets]
Feb 20, 2026 4:11:39 PM org.hibernate.bytecode.enhance.inte
rnal.bytebuddy.BiDirectionalAssociationHandler wrap
INFO: Bi-directional association not managed for field [com
.example.backend.models.finance.generalLedger.AccountingPer
iod#closedBy]: Could not find target field in 
[com.example.backend.models.user.User]
Feb 20, 2026 4:11:39 PM org.hibernate.bytecode.enhance.inte
rnal.bytebuddy.BiDirectionalAssociationHandler wrap
INFO: Bi-directional association not managed for field [com
.example.backend.models.finance.generalLedger.AuditLog#user
]: Could not find target field in 
[com.example.backend.models.user.User]
Feb 20, 2026 4:11:39 PM org.hibernate.bytecode.enhance.inte
rnal.bytebuddy.BiDirectionalAssociationHandler wrap
INFO: Bi-directional association not managed for field [com
.example.backend.models.finance.generalLedger.JournalEntry#
createdBy]: Could not find target field in 
[com.example.backend.models.user.User]
Feb 20, 2026 4:11:39 PM org.hibernate.bytecode.enhance.inte
rnal.bytebuddy.BiDirectionalAssociationHandler wrap
INFO: Bi-directional association not managed for field [com
.example.backend.models.finance.generalLedger.JournalEntry#
reviewedBy]: Could not find target field in 
[com.example.backend.models.user.User]
Feb 20, 2026 4:11:39 PM org.hibernate.bytecode.enhance.inte
rnal.bytebuddy.BiDirectionalAssociationHandler wrap
INFO: Bi-directional association not managed for field [com
.example.backend.models.finance.incomingPayments.IncomingPa
ymentRequest#purchaseOrder]: Could not find target field 
in [com.example.backend.models.procurement.PurchaseOrder.Pu
rchaseOrder]
Feb 20, 2026 4:11:39 PM org.hibernate.bytecode.enhance.inte
rnal.bytebuddy.BiDirectionalAssociationHandler wrap
INFO: Bi-directional association not managed for field [com
.example.backend.models.finance.incomingPayments.IncomingPa
ymentRequest#merchant]: Could not find target field in 
[com.example.backend.models.merchant.Merchant]
Feb 20, 2026 4:11:39 PM org.hibernate.bytecode.enhance.inte
rnal.bytebuddy.BiDirectionalAssociationHandler wrap
INFO: Bi-directional association not managed for field [com
.example.backend.models.finance.incomingPayments.IncomingPa
ymentRequestItem#purchaseOrderItem]: Could not find target 
field in [com.example.backend.models.procurement.PurchaseOr
der.PurchaseOrderItem]
Feb 20, 2026 4:11:39 PM org.hibernate.bytecode.enhance.inte
rnal.bytebuddy.BiDirectionalAssociationHandler wrap
INFO: Bi-directional association not managed for field [com
.example.backend.models.finance.incomingPayments.IncomingPa
ymentRequestItem#issue]: Could not find target field in [co
m.example.backend.models.procurement.PurchaseOrder.Purchase
OrderIssue]
Feb 20, 2026 4:11:39 PM org.hibernate.bytecode.enhance.inte
rnal.bytebuddy.BiDirectionalAssociationHandler wrap
INFO: Bi-directional association not managed for field [com
.example.backend.models.finance.inventoryValuation.ItemPric
eApproval#item]: Could not find target field in 
[com.example.backend.models.warehouse.Item]
Feb 20, 2026 4:11:39 PM org.hibernate.bytecode.enhance.inte
rnal.bytebuddy.BiDirectionalAssociationHandler wrap
INFO: Bi-directional association not managed for field [com
.example.backend.models.finance.inventoryValuation.ItemPric
eApproval#warehouse]: Could not find target field in 
[com.example.backend.models.warehouse.Warehouse]
Feb 20, 2026 4:11:39 PM org.hibernate.bytecode.enhance.inte
rnal.bytebuddy.BiDirectionalAssociationHandler wrap
INFO: Bi-directional association not managed for field [com
.example.backend.models.finance.loans.CompanyLoan#merchant]
: Could not find target field in 
[com.example.backend.models.merchant.Merchant]
Feb 20, 2026 4:11:39 PM org.hibernate.bytecode.enhance.inte
rnal.bytebuddy.BiDirectionalAssociationHandler wrap
INFO: Bi-directional association not managed for field [com
.example.backend.models.finance.refunds.RefundRequest#purch
aseOrder]: Could not find target field in [com.example.back
end.models.procurement.PurchaseOrder.PurchaseOrder]
Feb 20, 2026 4:11:39 PM org.hibernate.bytecode.enhance.inte
rnal.bytebuddy.BiDirectionalAssociationHandler wrap
INFO: Bi-directional association not managed for field [com
.example.backend.models.finance.refunds.RefundRequest#merch
ant]: Could not find target field in 
[com.example.backend.models.merchant.Merchant]
Feb 20, 2026 4:11:39 PM org.hibernate.bytecode.enhance.inte
rnal.bytebuddy.BiDirectionalAssociationHandler wrap
INFO: Bi-directional association not managed for field [com
.example.backend.models.finance.refunds.RefundRequestItem#p
urchaseOrderItem]: Could not find target field in [com.exam
ple.backend.models.procurement.PurchaseOrder.PurchaseOrderI
tem]
Feb 20, 2026 4:11:39 PM org.hibernate.bytecode.enhance.inte
rnal.bytebuddy.BiDirectionalAssociationHandler wrap
INFO: Bi-directional association not managed for field [com
.example.backend.models.finance.refunds.RefundRequestItem#i
ssue]: Could not find target field in [com.example.backend.
models.procurement.PurchaseOrder.PurchaseOrderIssue]
Feb 20, 2026 4:11:39 PM org.hibernate.bytecode.enhance.inte
rnal.bytebuddy.BiDirectionalAssociationHandler wrap
INFO: Bi-directional association not managed for field [com
.example.backend.models.finance.Valuation.EquipmentValuatio
n#equipment]: Could not find target field in 
[com.example.backend.models.equipment.Equipment]
Feb 20, 2026 4:11:39 PM org.hibernate.bytecode.enhance.inte
rnal.bytebuddy.BiDirectionalAssociationHandler wrap
INFO: Bi-directional association not managed for field [com
.example.backend.models.finance.Valuation.SiteValuation#sit
e]: Could not find target field in 
[com.example.backend.models.site.Site]
Feb 20, 2026 4:11:39 PM org.hibernate.bytecode.enhance.inte
rnal.bytebuddy.BiDirectionalAssociationHandler wrap
INFO: Bi-directional association not managed for field [com
.example.backend.models.finance.Valuation.WarehouseValuatio
n#warehouse]: Could not find target field in 
[com.example.backend.models.warehouse.Warehouse]
Feb 20, 2026 4:11:40 PM org.hibernate.bytecode.enhance.inte
rnal.bytebuddy.BiDirectionalAssociationHandler wrap
INFO: Bi-directional association not managed for field 
[com.example.backend.models.hr.EmployeeDocument#employee]: 
Could not find target field in 
[com.example.backend.models.hr.Employee]
Feb 20, 2026 4:11:40 PM org.hibernate.bytecode.enhance.inte
rnal.bytebuddy.BiDirectionalAssociationHandler wrap
INFO: Bi-directional association not managed for field 
[com.example.backend.models.hr.LeaveRequest#employee]: 
Could not find target field in 
[com.example.backend.models.hr.Employee]
Feb 20, 2026 4:11:40 PM org.hibernate.bytecode.enhance.inte
rnal.bytebuddy.BiDirectionalAssociationHandler wrap
INFO: Bi-directional association not managed for field [com
.example.backend.models.maintenance.DirectPurchaseTicket#eq
uipment]: Could not find target field in 
[com.example.backend.models.equipment.Equipment]
Feb 20, 2026 4:11:40 PM org.hibernate.bytecode.enhance.inte
rnal.bytebuddy.BiDirectionalAssociationHandler wrap
INFO: Bi-directional association not managed for field [com
.example.backend.models.maintenance.DirectPurchaseTicket#me
rchant]: Could not find target field in 
[com.example.backend.models.merchant.Merchant]
Feb 20, 2026 4:11:40 PM org.hibernate.bytecode.enhance.inte
rnal.bytebuddy.BiDirectionalAssociationHandler wrap
INFO: Bi-directional association not managed for field [com
.example.backend.models.maintenance.DirectPurchaseTicket#re
sponsibleUser]: Could not find target field in 
[com.example.backend.models.user.User]
Feb 20, 2026 4:11:40 PM org.hibernate.bytecode.enhance.inte
rnal.bytebuddy.BiDirectionalAssociationHandler wrap
INFO: Bi-directional association not managed for field [com
.example.backend.models.maintenance.DirectPurchaseTicket#tr
ansportToSite]: Could not find target field in 
[com.example.backend.models.site.Site]
Feb 20, 2026 4:11:40 PM org.hibernate.bytecode.enhance.inte
rnal.bytebuddy.BiDirectionalAssociationHandler wrap
INFO: Bi-directional association not managed for field [com
.example.backend.models.maintenance.DirectPurchaseTicket#tr
ansportResponsibleContact]: Could not find target field in 
[com.example.backend.models.contact.Contact]
Feb 20, 2026 4:11:40 PM org.hibernate.bytecode.enhance.inte
rnal.bytebuddy.BiDirectionalAssociationHandler wrap
INFO: Bi-directional association not managed for field [com
.example.backend.models.maintenance.DirectPurchaseTicket#tr
ansportResponsibleEmployee]: Could not find target field 
in [com.example.backend.models.hr.Employee]
Feb 20, 2026 4:11:40 PM org.hibernate.bytecode.enhance.inte
rnal.bytebuddy.BiDirectionalAssociationHandler wrap
INFO: Bi-directional association not managed for field [com
.example.backend.models.maintenance.MaintenanceRecord#respo
nsibleUser]: Could not find target field in 
[com.example.backend.models.user.User]
Feb 20, 2026 4:11:40 PM org.hibernate.bytecode.enhance.inte
rnal.bytebuddy.BiDirectionalAssociationHandler wrap
INFO: Bi-directional association not managed for field [com
.example.backend.models.maintenance.MaintenanceRecord#curre
ntResponsibleContact]: Could not find target field in 
[com.example.backend.models.contact.Contact]
Feb 20, 2026 4:11:40 PM org.hibernate.bytecode.enhance.inte
rnal.bytebuddy.BiDirectionalAssociationHandler wrap
INFO: Bi-directional association not managed for field [com
.example.backend.models.maintenance.MaintenanceStep#respons
ibleEmployee]: Could not find target field in 
[com.example.backend.models.hr.Employee]
Feb 20, 2026 4:11:40 PM org.hibernate.bytecode.enhance.inte
rnal.bytebuddy.BiDirectionalAssociationHandler wrap
INFO: Bi-directional association not managed for field [com
.example.backend.models.maintenance.MaintenanceStep#selecte
dMerchant]: Could not find target field in 
[com.example.backend.models.merchant.Merchant]
Feb 20, 2026 4:11:40 PM org.hibernate.bytecode.enhance.inte
rnal.bytebuddy.BiDirectionalAssociationHandler wrap
INFO: Bi-directional association not managed for field [com
.example.backend.models.maintenance.MaintenanceStep#stepTyp
e]: Could not find target field in 
[com.example.backend.models.maintenance.StepType]
Feb 20, 2026 4:11:40 PM org.hibernate.bytecode.enhance.inte
rnal.bytebuddy.BiDirectionalAssociationHandler wrap
INFO: Bi-directional association not managed for field 
[com.example.backend.models.merchant.Merchant#documents]: 
Could not find target field in 
[com.example.backend.models.equipment.Document]
Feb 20, 2026 4:11:40 PM org.hibernate.bytecode.enhance.inte
rnal.bytebuddy.BiDirectionalAssociationHandler wrap
INFO: Bi-directional association not managed for field [com
.example.backend.models.notification.Notification#user]: 
Could not find target field in 
[com.example.backend.models.user.User]
Feb 20, 2026 4:11:40 PM org.hibernate.bytecode.enhance.inte
rnal.bytebuddy.BiDirectionalAssociationHandler wrap
INFO: Bi-directional association not managed for field [com
.example.backend.models.payroll.Deduction#deductionType]: 
Could not find target field in 
[com.example.backend.models.payroll.DeductionType]
Feb 20, 2026 4:11:40 PM org.hibernate.bytecode.enhance.inte
rnal.bytebuddy.BiDirectionalAssociationHandler wrap
INFO: Bi-directional association not managed for field [com
.example.backend.models.payroll.EmployeeDeduction#employee]
: Could not find target field in 
[com.example.backend.models.hr.Employee]
Feb 20, 2026 4:11:40 PM org.hibernate.bytecode.enhance.inte
rnal.bytebuddy.BiDirectionalAssociationHandler wrap
INFO: Bi-directional association not managed for field [com
.example.backend.models.payroll.EmployeeDeduction#deduction
Type]: Could not find target field in 
[com.example.backend.models.payroll.DeductionType]
Feb 20, 2026 4:11:40 PM org.hibernate.bytecode.enhance.inte
rnal.bytebuddy.BiDirectionalAssociationHandler wrap
INFO: Bi-directional association not managed for field 
[com.example.backend.models.payroll.Payslip#employee]: 
Could not find target field in 
[com.example.backend.models.hr.Employee]
Feb 20, 2026 4:11:40 PM org.hibernate.bytecode.enhance.inte
rnal.bytebuddy.BiDirectionalAssociationHandler wrap
INFO: Bi-directional association not managed for field [com
.example.backend.models.procurement.Logistics.Logistics#mer
chant]: Could not find target field in 
[com.example.backend.models.merchant.Merchant]
Feb 20, 2026 4:11:40 PM org.hibernate.bytecode.enhance.inte
rnal.bytebuddy.BiDirectionalAssociationHandler wrap
INFO: Bi-directional association not managed for field [com
.example.backend.models.procurement.Logistics.LogisticsPurc
haseOrder#purchaseOrder]: Could not find target field in [c
om.example.backend.models.procurement.PurchaseOrder.Purchas
eOrder]
Feb 20, 2026 4:11:40 PM org.hibernate.bytecode.enhance.inte
rnal.bytebuddy.BiDirectionalAssociationHandler wrap
INFO: Bi-directional association not managed for field [com
.example.backend.models.procurement.Logistics.LogisticsPurc
haseOrderItem#purchaseOrderItem]: Could not find target 
field in [com.example.backend.models.procurement.PurchaseOr
der.PurchaseOrderItem]
Feb 20, 2026 4:11:40 PM org.hibernate.bytecode.enhance.inte
rnal.bytebuddy.BiDirectionalAssociationHandler wrap
INFO: Bi-directional association not managed for field [com
.example.backend.models.procurement.Offer.OfferItem#merchan
t]: Could not find target field in 
[com.example.backend.models.merchant.Merchant]
Feb 20, 2026 4:11:40 PM org.hibernate.bytecode.enhance.inte
rnal.bytebuddy.BiDirectionalAssociationHandler wrap
INFO: Bi-directional association not managed for field [com
.example.backend.models.procurement.Offer.OfferItem#request
OrderItem]: Could not find target field in [com.example.bac
kend.models.procurement.RequestOrder.RequestOrderItem]
Feb 20, 2026 4:11:40 PM org.hibernate.bytecode.enhance.inte
rnal.bytebuddy.BiDirectionalAssociationHandler wrap
INFO: Bi-directional association not managed for field [com
.example.backend.models.procurement.Offer.OfferRequestItem#
itemType]: Could not find target field in 
[com.example.backend.models.warehouse.ItemType]
Feb 20, 2026 4:11:40 PM org.hibernate.bytecode.enhance.inte
rnal.bytebuddy.BiDirectionalAssociationHandler wrap
INFO: Bi-directional association not managed for field [com
.example.backend.models.procurement.PurchaseOrder.PurchaseO
rder#offer]: Could not find target field in 
[com.example.backend.models.procurement.Offer.Offer]
Feb 20, 2026 4:11:40 PM org.hibernate.bytecode.enhance.inte
rnal.bytebuddy.BiDirectionalAssociationHandler wrap
INFO: Bi-directional association not managed for field [com
.example.backend.models.procurement.PurchaseOrder.PurchaseO
rderIssue#purchaseOrder]: Could not find target field in [c
om.example.backend.models.procurement.PurchaseOrder.Purchas
eOrder]
Feb 20, 2026 4:11:40 PM org.hibernate.bytecode.enhance.inte
rnal.bytebuddy.BiDirectionalAssociationHandler wrap
INFO: Bi-directional association not managed for field [com
.example.backend.models.procurement.PurchaseOrder.PurchaseO
rderIssue#purchaseOrderItem]: Could not find target field 
in [com.example.backend.models.procurement.PurchaseOrder.Pu
rchaseOrderItem]
Feb 20, 2026 4:11:40 PM org.hibernate.bytecode.enhance.inte
rnal.bytebuddy.BiDirectionalAssociationHandler wrap
INFO: Bi-directional association not managed for field [com
.example.backend.models.procurement.PurchaseOrder.PurchaseO
rderItem#itemType]: Could not find target field in 
[com.example.backend.models.warehouse.ItemType]
Feb 20, 2026 4:11:40 PM org.hibernate.bytecode.enhance.inte
rnal.bytebuddy.BiDirectionalAssociationHandler wrap
INFO: Bi-directional association not managed for field [com
.example.backend.models.procurement.PurchaseOrder.PurchaseO
rderItem#equipmentSpec]: Could not find target field in [co
m.example.backend.models.procurement.EquipmentPurchaseSpec]
Feb 20, 2026 4:11:40 PM org.hibernate.bytecode.enhance.inte
rnal.bytebuddy.BiDirectionalAssociationHandler wrap
INFO: Bi-directional association not managed for field [com
.example.backend.models.procurement.PurchaseOrder.PurchaseO
rderItem#merchant]: Could not find target field in 
[com.example.backend.models.merchant.Merchant]
Feb 20, 2026 4:11:40 PM org.hibernate.bytecode.enhance.inte
rnal.bytebuddy.BiDirectionalAssociationHandler wrap
INFO: Bi-directional association not managed for field [com
.example.backend.models.procurement.PurchaseOrderReturn.Pur
chaseOrderReturn#purchaseOrder]: Could not find target 
field in [com.example.backend.models.procurement.PurchaseOr
der.PurchaseOrder]
Feb 20, 2026 4:11:40 PM org.hibernate.bytecode.enhance.inte
rnal.bytebuddy.BiDirectionalAssociationHandler wrap
INFO: Bi-directional association not managed for field [com
.example.backend.models.procurement.PurchaseOrderReturn.Pur
chaseOrderReturn#merchant]: Could not find target field in 
[com.example.backend.models.merchant.Merchant]
Feb 20, 2026 4:11:40 PM org.hibernate.bytecode.enhance.inte
rnal.bytebuddy.BiDirectionalAssociationHandler wrap
INFO: Bi-directional association not managed for field [com
.example.backend.models.procurement.PurchaseOrderReturn.Pur
chaseOrderReturnItem#purchaseOrderItem]: Could not find 
target field in [com.example.backend.models.procurement.Pur
chaseOrder.PurchaseOrderItem]
Feb 20, 2026 4:11:40 PM org.hibernate.bytecode.enhance.inte
rnal.bytebuddy.BiDirectionalAssociationHandler wrap
INFO: Bi-directional association not managed for field [com
.example.backend.models.procurement.RequestOrder.RequestOrd
erItem#equipmentSpec]: Could not find target field in [com.
example.backend.models.procurement.EquipmentPurchaseSpec]
Feb 20, 2026 4:11:40 PM org.hibernate.bytecode.enhance.inte
rnal.bytebuddy.BiDirectionalAssociationHandler wrap
INFO: Bi-directional association not managed for field [com
.example.backend.models.procurement.DeliverySession#merchan
t]: Could not find target field in 
[com.example.backend.models.merchant.Merchant]
Feb 20, 2026 4:11:40 PM org.hibernate.bytecode.enhance.inte
rnal.bytebuddy.BiDirectionalAssociationHandler wrap
INFO: Bi-directional association not managed for field [com
.example.backend.models.procurement.EquipmentPurchaseSpec#e
quipmentType]: Could not find target field in 
[com.example.backend.models.equipment.EquipmentType]
Feb 20, 2026 4:11:40 PM org.hibernate.bytecode.enhance.inte
rnal.bytebuddy.BiDirectionalAssociationHandler wrap
INFO: Bi-directional association not managed for field [com
.example.backend.models.procurement.EquipmentPurchaseSpec#b
rand]: Could not find target field in 
[com.example.backend.models.equipment.EquipmentBrand]
Feb 20, 2026 4:11:40 PM org.hibernate.bytecode.enhance.inte
rnal.bytebuddy.BiDirectionalAssociationHandler wrap
INFO: Bi-directional association not managed for field [com
.example.backend.models.warehouse.ItemResolution#item]: 
Could not find target field in 
[com.example.backend.models.warehouse.Item]
Feb 20, 2026 4:11:40 PM org.hibernate.bytecode.enhance.inte
rnal.bytebuddy.BiDirectionalAssociationHandler wrap
INFO: Bi-directional association not managed for field [com
.example.backend.models.warehouse.ItemType#measuringUnit]: 
Could not find target field in 
[com.example.backend.models.warehouse.MeasuringUnit]
[INFO] ------------------------------------------------------------------------
[INFO] BUILD SUCCESS
[INFO] ------------------------------------------------------------------------
[INFO] Total time:  11.194 s
[INFO] Finished at: 2026-02-20T16:11:40+02:00
[INFO] ------------------------------------------------------------------------
